Script started on 2025-09-08 15:54:00-04:00
bash-4.4$ lscd ..[3Pls[Kls /mnt/scracth=[K[K[K[K[K[Kracth[K[K[K[K[K[K[Kscracth[K[K[K[K[Kratch/C[KCS131_jelenag/amazon_reviews_multilingual_US_v1_00.tsv.zip
/mnt/scratch/CS131_jelenag/amazon_reviews_multilingual_US_v1_00.tsv.zip
bash-4.4$ ls
hw03_session.txt
bash-4.4$ unzip /
.autorelabel  dev/          lib/          opt/          sbin/         usr/
bin/          etc/          lib64/        proc/         srv/          var/
boot/         home/         media/        root/         sys/          
datasets/     hometmp/      mnt/          run/          tmp/          
bash-4.4$ unzip /mnt/scratch/CS131_jelenag/amazon_reviews_multilingual_US_v1_00.tsv.zip
Archive:  /mnt/scratch/CS131_jelenag/amazon_reviews_multilingual_US_v1_00.tsv.zip
  inflating: amazon_reviews_multilingual_US_v1_00.tsv  
bash-4.4$ head -n 1 amazon_reviews_multilingual_US_v1_00.tsv > amazon_reviews_multilingual_US__v1_00.tsv [K[K[K[K[K[K[K[K[K[K[K[A[C[C[C[C[C[C[C[C[C[C[C[C[C[C[C[C[C[C[C[C[C[C[C[C[C[C[C[C[C[C[C[C[C[C[C[C[C[C[C[C[C[C[C[C[C[C[C[C[C[C[C[C[C[C[C[C[C[C[C[C[C[C[C[C[C[C[C[C[C[C[C[C[C[C[C[C[C[C[C[C[C[C[C[C[C[C[C[C[C[C[C[C[K
[K[A[C[C[C[C[C[C[C[C[C[C[C[C[C[C[C[C[C[C[C[C[C[C[C[C[C[C[C[C[C[C[C[C[C[C[C[C[C[C[C[C[C[C[C[C[C[C[C[C[C[C[C[C[C[C[C[C[C[C[C[C[C[C[C[C[C[C[C[C[C[C[C[C[C[C[C[C[C[C[C[C[C[C[C[C[C[C[C[C[C[C[C[C[K[K[K[K[K[K[K[K[K[K[K[K[K[K[K[K[K[Kws[K[Kews_10K=[K[Kk_random.tsv
bash-4.4$ tail -n +2 amazon_reviews_multilingual_US_v1_00.tsv | shuf -n 10000 >> amazon_revie ws_10k_random.tsv 
bash-4.4$ wc -l amazon_reviews_10k_random.tsv 
10001 amazon_reviews_10k_random.tsv
bash-4.4$ tail -n +2 amazon_reviews_10k_random.tsv | [Kwc[K[K wc -l
10000
bash-4.4$ echo "Including header: "[K[K" > counts.txt
bash-4.4$ wc -l amazon_reviews_10k_random.tsv >> counts.txt 
bash-4.4$ echo "Excluding header:" >> counts.txt 
bash-4.4$ tail -n +2 amazon_reviews_10k_random.tsv | wc -l >> counts.txt 
bash-4.4$ cut -f8 amazon_reviews_10k_random.tsv |tail -n +2 | sort | uniq -c | sort -nr > his t_star_rating.txt
bash-4.4$ cut -f2 amazon_reviews_10k_random.tsv | tail -n +2 | sort | uniq -c | sort -nr | he ad -10 > top_customers.txt
bash-4.4$ cut -f4,6 amazon_reviews_10k_random.tsv | tail -n +2 | sort | uniq -c | sort -nr |  head -10 > top_products.txt
bash-4.4$ cut -f7 amazon_reviews_10k_random.tsv | tail -n +2 | sort | uniq -c | sort -nr > hs irt[K[K[K[A[C[C[C[C[C[C[C[C[C[C[C[C[C[C[C[C[C[C[C[C[C[C[C[C[C[C[C[C[C[C[C[C[C[C[C[C[C[C[C[C[C[C[C[C[C[C[C[C[C[C[C[C[C[C[C[C[C[C[C[C[C[C[C[C[C[C[C[C[C[C[C[C[C[C[C[C[C[C[C[C[C[C[C[C[C[C[C[C[C[C[C[C[K
[K[A[C[C[C[C[C[C[C[C[C[C[C[C[C[C[C[C[C[C[C[C[C[C[C[C[C[C[C[C[C[C[C[C[C[C[C[C[C[C[C[C[C[C[C[C[C[C[C[C[C[C[C[C[C[C[C[C[C[C[C[C[C[C[C[C[C[C[C[C[C[C[C[C[C[C[C[C[C[C[C[C[C[C[C[C[C[C[C[C[C[C[C[Ci st_categories.txt
bash-4.4$ vi README.md
[?2004h[?1049h[22;0;0t[?1h=[?2004h[1;50r[?12h[?12l[27m[23m[29m[m[H[2J[?25l[50;1H"README.md" [New File][2;1H[1m[34m~                                                                                            [3;1H~                                                                                            [4;1H~                                                                                            [5;1H~                                                                                            [6;1H~                                                                                            [7;1H~                                                                                            [8;1H~                                                                                            [9;1H~                                                                                            [10;1H~                                                                                            [11;1H~                                                                                            [12;1H~                                                                                            [13;1H~                                                                                            [14;1H~                                                                                            [15;1H~                                                                                            [16;1H~                                                                                            [17;1H~                                                                                            [18;1H~                                                                                            [19;1H~                                                                                            [20;1H~                                                                                            [21;1H~                                                                                            [22;1H~                                                                                            [23;1H~                                                                                            [24;1H~                                                                                            [25;1H~                                                                                            [26;1H~                                                                                            [27;1H~                                                                                            [28;1H~                                                                                            [29;1H~                                                                                            [30;1H~                                                                                            [31;1H~                                                                                            [32;1H~                                                                                            [33;1H~                                                                                            [34;1H~                                                                                            [35;1H~                                                                                            [36;1H~                                                                                            [37;1H~                                                                                            [38;1H~                                                                                            [39;1H~                                                                                            [40;1H~                                                                                            [41;1H~                                                                                            [42;1H~                                                                                            [43;1H~                                                                                            [44;1H~                                                                                            [45;1H~                                                                                            [46;1H~                                                                                            [47;1H~                                                                                            [48;1H~                                                                                            [49;1H~                                                                                            [1;1H[?25h[?25l[m[50;1H[1m-- INSERT --[m[50;13H[K[1;1H[?25h[?25lF[?25h[?25lo[?25h[?25lr[?25h[?25l [?25h[?25lt[?25h[?25lh[?25h[?25li[?25h[?25ls[?25h[?25l [?25h[?25la[?25h[?25ls[?25h[?25ls[?25h[?25li[?25h[?25lg[?25h[?25ln[?25h[?25lm[?25h[?25le[?25h[?25ln[?25h[?25lt[?25h[?25ls[?25h[?25l,[?25h[?25l [?25h[?25lI[?25h[?25l [?25h[?25lu[?25h[?25ls[?25h[?25le[?25h[?25ld[?25h[?25l [?25h[?25lb[?25h[?25la[?25h[?25ls[?25h[?25li[?25h[?25lc[?25h[?25l [?25h[?25lU[?25h[?25lN[?25h[?25lI[?25h[?25lX[?25h[?25l [?25h[?25lc[?25h[?25lo[?25h[?25lm[?25h[?25lm[?25h[?25la[?25h[?25ln[?25h[?25ld[?25h[?25ls[?25h[?25l [?25h[?25lt[?25h[?25lo[?25h[?25l [?25h[?25lp[?25h[?25lr[?25h[?25lo[?25h[?25lc[?25h[?25le[?25h[?25ls[?25h[?25ls[?25h[?25l [?25h[?25lt[?25h[?25lh[?25h[?25le[?25h[?25l [?25h[?25la[?25h[?25lm[?25h[?25la[?25h[?25lz[?25h[?25lo[?25h[?25ln[?25h[?25ls[?25h[?25l[1;71H[K[1;71H[?25h[?25l [?25h[?25lr[?25h[?25le[?25h[?25lv[?25h[?25li[?25h[?25le[?25h[?25lw[?25h[?25ls[?25h[?25l [?25h[?25ld[?25h[?25la[?25h[?25lt[?25h[?25la[?25h[?25ls[?25h[?25le[?25h[?25lt[?25h[?25l.[?25h[?25l [?25h[?25lI[?25h[?25l [?25h[?25lu[?25h[?25ls[?25h[?25le[2;1H[?25h[?25ld[2;2H[K[2;2H[?25h[?25l [?25h[?25l"[?25h[?25lc[?25h[?25lu[?25h[?25lt[?25h[?25l"[?25h[?25l [?25h[?25lt[?25h[?25lo[?25h[?25l [?25h[?25ls[?25h[?25le[?25h[?25ll[?25h[?25le[?25h[?25lc[?25h[?25lt[?25h[?25l [?25h[?25ls[?25h[?25lp[?25h[?25le[?25h[?25lc[?25h[?25li[?25h[?25lf[?25h[?25li[?25h[?25lc[?25h[?25l [?25h[?25lc[?25h[?25lo[?25h[?25ll[?25h[?25lu[?25h[?25lm[?25h[?25ln[?25h[?25ls[?25h[?25l [?25h[?25l[?25h[?25l,[?25h[?25l [?25h[?25l"[?25h[?25ls[?25h[?25lo[?25h[?25lr[?25h[?25lt[?25h[?25l"[?25h[?25l [?25h[?25lt[?25h[?25lo[?25h[?25l [?25h[?25lo[?25h[?25lr[?25h[?25ld[?25h[?25le[?25h[?25lr[?25h[?25l [?25h[?25lt[?25h[?25lh[?25h[?25le[?25h[?25l [?25h[?25ld[?25h[?25la[?25h[?25lt[?25h[?25la[?25h[?25l [?25h[?25l[?25h[?25l,[?25h[?25l [?25h[?25la[?25h[?25ln[?25h[?25ld[?25h[?25l [?25h[?25l"[?25h[?25lu[?25h[?25ln[?25h[?25li[?25h[?25lq[?25h[?25l [?25h[?25l-[?25h[?25lc[?25h[?25l"[?25h[?25l [?25h[?25lt[?25h[?25lo[?25h[?25l [?25h[?25lc[?25h[?25lo[?25h[?25lu[?25h[?25ln[?25h[?25lt[?25h[?25l [?25h[?25ld[?25h[?25lu[?25h[?25lp[?25h[?25ll[?25h[?25li[?25h[?25lc[?25h[?25la[?25h[?25lt[3;1H[?25h[?25le[3;2H[K[3;2H[?25h[?25ls[?25h[?25l [?25h[?25lI[?25h[?25l [?25h[?25l[?25h[?25l[3;4H[K[3;4H[?25h[?25l[?25h[?25l.[?25h[?25l [?25h[?25lI[?25h[?25l [?25h[?25ls[?25h[?25le[?25h[?25l[3;8H[K[3;8H[?25h[?25l=[?25h[?25l=[?25h[?25l=[?25h[?25l[3;10H[K[3;10H[?25h[?25l[3;9H[K[3;9H[?25h[?25l[3;8H[K[3;8H[?25h[?25l[3;7H[K[3;7H[?25h[?25l[?25h[?25lu[?25h[?25ls[?25h[?25le[?25h[?25ld[?25h[?25l [?25h[?25l"[?25h[?25lw[?25h[?25lc[?25h[?25l [?25h[?25l-[?25h[?25l1[?25h[?25l"[?25h[?25l [?25h[?25lt[?25h[?25lo[?25h[?25l [?25h[?25lc[?25h[?25lo[?25h[?25lu[?25h[?25ln[?25h[?25lt[?25h[?25l [?25h[?25ll[?25h[?25li[?25h[?25ln[?25h[?25le[?25h[?25ls[?25h[?25l [?25h[?25li[?25h[?25ln[?25h[?25l [?25h[?25lt[?25h[?25lh[?25h[?25le[?25h[?25l [?25h[?25ld[?25h[?25la[?25h[?25lt[?25h[?25la[?25h[?25ls[?25h[?25le[?25h[?25lt[?25h[?25l.[?25h[?25l [?25h[?25lF[?25h[?25lr[?25h[?25lo[?25h[?25lm[?25h[?25l [?25h[?25lt[?25h[?25lh[?25h[?25le[?25h[?25l [?25h[?25ls[?25h[?25lt[?25h[?25la[?25h[?25lr[?25h[?25l-[?25h[?25lr[?25h[?25la[?25h[?25lt[?25h[?25li[?25h[?25ln[?25h[?25lg[?25h[?25l [?25h[?25lh[?25h[?25li[?25h[?25ls[?25h[?25lt[?25h[?25lo[?25h[?25lg[?25h[?25la[?25h[?25lr[?25h[?25lm[?25h[?25l,[?25h[?25l [?25h[?25lI[?25h[?25l [?25h[?25lo[?25h[?25lb[?25h[?25ls[?25h[?25le[?25h[?25lr[?25h[?25lv[?25h[?25le[?25h[?25ld[?25h[?25l [?25h[?25lt[4;1H[?25h[?25lh[4;2H[K[4;2H[?25h[?25la[?25h[?25lt[?25h[?25l[4;3H[K[4;3H[?25h[?25l[4;2H[K[4;2H[?25h[?25l[1m[34m~                                                                                            [4;1H[?25h[?25l[m[3;93H[K[3;93H[?25h[?25lt[4;1H[?25h[?25lh[4;2H[K[4;2H[?25h[?25la[?25h[?25lt[?25h[?25l [?25h[?25lm[?25h[?25lo[?25h[?25ls[?25h[?25lt[?25h[?25l [?25h[?25lr[?25h[?25le[?25h[?25lv[?25h[?25li[?25h[?25le[?25h[?25lw[?25h[?25ls[?25h[?25l [?25h[?25la[?25h[?25lr[?25h[?25le[?25h[?25l [?25h[?25l6[?25h[?25l[4;22H[K[4;22H[?25h[?25l5[?25h[?25l [?25h[?25ls[?25h[?25lt[?25h[?25la[?25h[?25lr[?25h[?25ls[?25h[?25l [?25h[?25lr[?25h[?25la[?25h[?25lt[?25h[?25lu[?25h[?25ln[?25h[?25lg[?25h[?25ls[?25h[?25l[4;36H[K[4;36H[?25h[?25l=[?25h[?25l[4;36H[K[4;36H[?25h[?25l[4;35H[K[4;35H[?25h[?25l[4;34H[K[4;34H[?25h[?25l[4;33H[K[4;33H[?25h[?25li[?25h[?25ln[?25h[?25lg[?25h[?25ls[?25h[?25l,[?25h[?25l [?25h[?25lt[?25h[?25lh[?25h[?25le[?25h[?25l [?25h[?25lt[?25h[?25lo[?25h[?25lp[?25h[?25l [?25h[?25lc[?25h[?25lu[?25h[?25ls[?25h[?25lt[?25h[?25lo[?25h[?25lm[?25h[?25le[?25h[?25lr[?25h[?25ls[?25h[?25l [?25h[?25lb[?25h[?25ly[?25h[?25l [?25h[?25ln[?25h[?25lu[?25h[?25lm[?25h[?25lb[?25h[?25le[?25h[?25lr[?25h[?25l [?25h[?25lo[?25h[?25lf[?25h[?25l [?25h[?25lr[?25h[?25le[?25h[?25lv[?25h[?25li[?25h[?25le[?25h[?25lw[?25h[?25ls[?25h[?25l [?25h[?25la[?25h[?25lr[?25h[?25le[?25h[?25l [?25h[?25lm[?25h[?25ls[?25h[?25lo[?25h[?25lt[?25h[?25ll[?25h[?25ly[?25h[?25l [?25h[?25lr[?25h[?25le[?25h[?25lp[?25h[?25lr[?25h[?25le[5;1H[?25h[?25la[5;2H[K[5;2H[?25h[?25l[1m[34m~                                                                                            [5;1H[?25h[?25l[m[4;93H[K[4;93H[?25h[?25l[4;92H[K[4;92H[?25h[?25l[4;91H[K[4;91H[?25h[?25lp[?25h[?25le[?25h[?25la[5;1H[?25h[?25lt[5;2H[K[5;2H[?25h[?25l [?25h[?25lb[?25h[?25lu[?25h[?25ly[?25h[?25le[?25h[?25lr[?25h[?25ls[?25h[?25l [?25h[?25lw[?25h[?25li[?25h[?25lt[?25h[?25lh[?25h[?25l [?25h[?25lm[?25h[?25lu[?25h[?25lt[?25h[?25l[5;17H[K[5;17H[?25h[?25ll[?25h[?25lt[?25h[?25li[?25h[?25lp[?25h[?25ll[?25h[?25le[?25h[?25l [?25h[?25lr[?25h[?25le[?25h[?25lv[?25h[?25li[?25h[?25le[?25h[?25lw[?25h[?25ls[?25h[?25l [?25h[?25lo[?25h[?25lf[?25h[?25l [?25h[?25lt[?25h[?25lh[?25h[?25le[?25h[?25l [?25h[?25lt[?25h[?25lo[?25h[?25lp[?25h[?25l [?25h[?25lp[?25h[?25lr[?25h[?25lo[?25h[?25ld[?25h[?25lu[?25h[?25lc[?25h[?25lt[?25h[?25ls[?25h[?25l [?25h[?25lb[?25h[?25ly[?25h[?25l [?25h[?25lr[?25h[?25le[?25h[?25lv[?25h[?25li[?25h[?25lew[?25h[?25ls[?25h[?25l [?25h[?25lt[?25h[?25le[?25h[?25ln[?25h[?25ld[?25h[?25l [?25h[?25lt[?25h[?25lo[?25h[?25l [?25h[?25lp[?25h[?25lo[?25h[?25lp[?25h[?25lu[?25h[?25l[5;74H[K[5;74H[?25h[?25l[5;73H[K[5;73H[?25h[?25l[5;72H[K[5;72H[?25h[?25l[5;71H[K[5;71H[?25h[?25l[?25h[?25l[5;69H[K[5;69H[?25h[?25l[5;68H[K[5;68H[?25h[?25l[?25h[?25l[5;65H[K[5;65H[?25h[?25l[5;64H[K[5;64H[?25h[?25l[5;63H[K[5;63H[?25h[?25l[?25h[?25l[5;61H[K[5;61H[?25h[?25l[5;60H[K[5;60H[?25h[?25l[5;59H[K[5;59H[?25h[?25l[5;58H[K[5;58H[?25h[?25l[5;57H[K[5;57H[?25h[?25l[5;56H[K[5;56H[?25h[?25l[5;55H[K[5;55H[?25h[?25l[?25h[?25l[5;53H[K[5;53H[?25h[?25l[5;52H[K[5;52H[?25h[?25l[?25h[?25l[5;50H[K[5;50H[?25h[?25l[5;49H[K[5;49H[?25h[?25l[5;48H[K[5;48H[?25h[?25l[5;47H[K[5;47H[?25h[?25l[5;46H[K[5;46H[?25h[?25l[5;45H[K[5;45H[?25h[?25l[5;44H[K[5;44H[?25h[?25l[5;43H[K[5;43H[?25h[?25l[?25h[?25l[5;41H[K[5;41H[?25h[?25l[5;40H[K[5;40H[?25h[?25l[5;39H[K[5;39H[?25h[?25l[?25h[?25l[5;37H[K[5;37H[?25h[?25l[5;36H[K[5;36H[?25h[?25l[5;35H[K[5;35H[?25h[?25l[?25h[?25l[5;33H[K[5;33H[?25h[?25l[5;32H[K[5;32H[?25h[?25l[?25h[?25l[5;30H[K[5;30H[?25h[?25l[5;29H[K[5;29H[?25h[?25l[5;28H[K[5;28H[?25h[?25l[5;27H[K[5;27H[?25h[?25l[5;26H[K[5;26H[?25h[?25l[5;25H[K[5;25H[?25h[?25l[5;24H[K[5;24H[?25h[?25l[?25h[?25l[5;22H[K[5;22H[?25h[?25l[5;21H[K[5;21H[?25h[?25l[5;20H[K[5;20H[?25h[?25l[5;19H[K[5;19H[?25h[?25l[5;18H[K[5;18H[?25h[?25l[5;16H[K[5;16H[?25h[?25l[5;15H[K[5;15H[?25h[?25l[?25h[?25l[5;13H[K[5;13H[?25h[?25l[5;12H[K[5;12H[?25h[?25l[5;11H[K[5;11H[?25h[?25l[5;10H[K[5;10H[?25h[?25l[?25h[?25l[5;8H[K[5;8H[?25h[?25l[5;7H[K[5;7H[?25h[?25l[5;6H[K[5;6H[?25h[?25l[5;5H[K[5;5H[?25h[?25l[5;4H[K[5;4H[?25h[?25l[5;3H[K[5;3H[?25h[?25l[?25h[?25l[1m[34m~                                                                                            [5;1H[?25h[?25l[m[4;93H[K[4;93H[?25h[?25l[4;92H[K[4;92H[?25h[?25l[4;91H[K[4;91H[?25h[?25l[4;90H[K[4;90H[?25h[?25l[4;89H[K[4;89H[?25h[?25l[?25h[?25l[4;87H[K[4;87H[?25h[?25l[4;86H[K[4;86H[?25h[?25l[4;85H[K[4;85H[?25h[?25l[4;84H[K[4;84H[?25h[?25l[4;83H[K[4;83H[?25h[?25l[4;82H[K[4;82H[?25h[?25l[?25h[?25l[4;80H[K[4;80H[?25h[?25l[4;79H[K[4;79H[?25h[?25l[4;78H[K[4;78H[?25h[?25l[?25h[?25l[4;76H[K[4;76H[?25h[?25l[4;75H[K[4;75H[?25h[?25l[4;74H[K[4;74H[?25h[?25l[4;73H[K[4;73H[?25h[?25l[4;72H[K[4;72H[?25h[?25l[4;71H[K[4;71H[?25h[?25l[4;70H[K[4;70H[?25h[?25l[?25h[?25l[4;68H[K[4;68H[?25h[?25l[4;67H[K[4;67H[?25h[?25l[?25h[?25l[4;65H[K[4;65H[?25h[?25l[4;64H[K[4;64H[?25h[?25l[4;63H[K[4;63H[?25h[?25l[4;62H[K[4;62H[?25h[?25l[4;61H[K[4;61H[?25h[?25l[4;60H[K[4;60H[?25h[?25l[?25h[?25l[4;58H[K[4;58H[?25h[?25l[4;57H[K[4;57H[?25h[?25l[?25h[?25l[4;55H[K[4;55H[?25h[?25l[4;54H[K[4;54H[?25h[?25l[4;53H[K[4;53H[?25h[?25l[4;52H[K[4;52H[?25h[?25l[4;51H[K[4;51H[?25h[?25l[4;50H[K[4;50H[?25h[?25l[4;49H[K[4;49H[?25h[?25l[4;48H[K[4;48H[?25h[?25l[4;47H[K[4;47H[?25h[?25l[?25h[?25l[4;45H[K[4;45H[?25h[?25l[4;44H[K[4;44H[?25h[?25l[4;43H[K[4;43H[?25h[?25l[?25h[?25l[4;41H[K[4;41H[?25h[?25l[4;40H[K[4;40H[?25h[?25l[4;39H[K[4;39H[?25h[?25l[?25h[?25l[4;37H[K[4;37H[?25h[?25l[4;36H[K[4;36H[?25h[?25l[4;35H[K[4;35H[?25h[?25l[4;34H[K[4;34H[?25h[?25l[4;33H[K[4;33H[?25h[?25l[4;32H[K[4;32H[?25h[?25l[4;31H[K[4;31H[?25h[?25l[4;30H[K[4;30H[?25h[?25l[?25h[?25l[4;28H[K[4;28H[?25h[?25l[4;27H[K[4;27H[?25h[?25l[4;26H[K[4;26H[?25h[?25l[4;25H[K[4;25H[?25h[?25l[4;24H[K[4;24H[?25h[?25l[?25h[?25l[4;22H[K[4;22H[?25h[?25l[?25h[?25l[4;20H[K[4;20H[?25h[?25l[4;19H[K[4;19H[?25h[?25l[4;18H[K[4;18H[?25h[?25l[?25h[?25l[4;16H[K[4;16H[?25h[?25l[4;15H[K[4;15H[?25h[?25l[4;14H[K[4;14H[?25h[?25l[4;13H[K[4;13H[?25h[?25l[4;12H[K[4;12H[?25h[?25l[4;11H[K[4;11H[?25h[?25l[4;10H[K[4;10H[?25h[?25l[?25h[?25l[4;8H[K[4;8H[?25h[?25l[4;7H[K[4;7H[?25h[?25l[4;6H[K[4;6H[?25h[?25l[4;5H[K[4;5H[?25h[?25l[?25h[?25l[4;3H[K[4;3H[?25h[?25l[4;2H[K[4;2H[?25h[?25l[1m[34m~                                                                                            [4;1H[?25h[?25l[m[3;93H[K[3;93H[?25h[?25l[?25h[?25l[3;91H[K[3;91H[?25h[?25l[3;90H[K[3;90H[?25h[?25l[3;89H[K[3;89H[?25h[?25l[3;88H[K[3;88H[?25h[?25l[3;87H[K[3;87H[?25h[?25l[3;86H[K[3;86H[?25h[?25l[3;85H[K[3;85H[?25h[?25l[3;84H[K[3;84H[?25h[?25l[?25h[?25l[3;82H[K[3;82H[?25h[?25l[?25h[?25l[3;80H[K[3;80H[?25h[?25l[3;78H[K[3;78H[?25h[?25l[3;77H[K[3;77H[?25h[?25l[3;76H[K[3;76H[?25h[?25l[3;75H[K[3;75H[?25h[?25l[3;74H[K[3;74H[?25h[?25l[3;73H[K[3;73H[?25h[?25l[3;72H[K[3;72H[?25h[?25l[3;71H[K[3;71H[?25h[?25l[?25h[?25l[3;69H[K[3;69H[?25h[?25l[3;68H[K[3;68H[?25h[?25l[3;67H[K[3;67H[?25h[?25l[3;66H[K[3;66H[?25h[?25l[3;65H[K[3;65H[?25h[?25l[3;64H[K[3;64H[?25h[?25l[3;63H[K[3;63H[?25h[?25l[3;62H[K[3;62H[?25h[?25l[3;61H[K[3;61H[?25h[?25l[3;60H[K[3;60H[?25h[?25l[3;59H[K[3;59H[?25h[?25l[?25h[?25l[3;57H[K[3;57H[?25h[?25l[3;56H[K[3;56H[?25h[?25l[3;55H[K[3;55H[?25h[?25l[?25h[?25l[3;53H[K[3;53H[?25h[?25l[3;52H[K[3;52H[?25h[?25l[3;51H[K[3;51H[?25h[?25l[3;50H[K[3;50H[?25h[?25l[?25h[?25l[3;48H[K[3;48H[?25h[?25l[3;47H[K[3;47H[?25h[?25l[3;46H[K[3;46H[?25h[?25l[3;45H[K[3;45H[?25h[?25l[3;44H[K[3;44H[?25h[?25l[3;43H[K[3;43H[?25h[?25l[3;42H[K[3;42H[?25h[?25l[3;41H[K[3;41H[?25h[?25l[?25h[?25l[3;39H[K[3;39H[?25h[?25l[3;38H[K[3;38H[?25h[?25l[3;37H[K[3;37H[?25h[?25l[?25h[?25l[3;35H[K[3;35H[?25h[?25l[3;34H[K[3;34H[?25h[?25l[?25h[?25l[3;32H[K[3;32H[?25h[?25l[3;31H[K[3;31H[?25h[?25l[3;30H[K[3;30H[?25h[?25l[3;29H[K[3;29H[?25h[?25l[3;28H[K[3;28H[?25h[?25l[?25h[?25l[3;26H[K[3;26H[?25h[?25l[3;25H[K[3;25H[?25h[?25l[3;24H[K[3;24H[?25h[?25l[3;23H[K[3;23H[?25h[?25l[3;22H[K[3;22H[?25h[?25l[?25h[?25l[3;20H[K[3;20H[?25h[?25l[3;19H[K[3;19H[?25h[?25l[?25h[?25l[3;17H[K[3;17H[?25h[?25l[3;16H[K[3;16H[?25h[?25l[3;15H[K[3;15H[?25h[?25l[?25h[?25l[3;13H[K[3;13H[?25h[?25l[3;12H[K[3;12H[?25h[?25l[3;11H[K[3;11H[?25h[?25l[?25h[?25l[3;9H[K[3;9H[?25h[?25l[3;8H[K[3;8H[?25h[?25l[3;7H[K[3;7H[?25h[?25l[3;6H[K[3;6H[?25h[?25l[3;5H[K[3;5H[?25h[?25l[?25h[?25l[3;3H[K[3;3H[?25h[?25l[3;2H[K[3;2H[?25h[?25l[1m[34m~                                                                                            [3;1H[?25h[?25l[m[2;93H[K[2;93H[?25h[?25l[2;92H[K[2;92H[?25h[?25l[2;91H[K[2;91H[?25h[?25l[2;90H[K[2;90H[?25h[?25l[2;89H[K[2;89H[?25h[?25l[2;88H[K[2;88H[?25h[?25l[2;87H[K[2;87H[?25h[?25l[2;86H[K[2;86H[?25h[?25l[?25h[?25l[2;84H[K[2;84H[?25h[?25l[2;83H[K[2;83H[?25h[?25l[2;82H[K[2;82H[?25h[?25l[2;81H[K[2;81H[?25h[?25l[2;80H[K[2;80H[?25h[?25l[?25h[?25l[2;78H[K[2;78H[?25h[?25l[2;77H[K[2;77H[?25h[?25l[?25h[?25l[2;75H[K[2;75H[?25h[?25l[2;74H[K[2;74H[?25h[?25l[2;73H[K[2;73H[?25h[?25l[?25h[?25l[2;71H[K[2;71H[?25h[?25l[2;70H[K[2;70H[?25h[?25l[2;69H[K[2;69H[?25h[?25l[2;68H[K[2;68H[?25h[?25l[2;67H[K[2;67H[?25h[?25l[?25h[?25l[2;65H[K[2;65H[?25h[?25l[2;64H[K[2;64H[?25h[?25l[2;63H[K[2;63H[?25h[?25l[?25h[?25l[2;61H[K[2;61H[?25h[?25l[2;60H[K[2;60H[?25h[?25l[2;59H[K[2;59H[?25h[?25l[2;58H[K[2;58H[?25h[?25l[2;57H[K[2;57H[?25h[?25l[?25h[?25l[2;55H[K[2;55H[?25h[?25l[2;54H[K[2;54H[?25h[?25l[2;53H[K[2;53H[?25h[?25l[?25h[?25l[2;51H[K[2;51H[?25h[?25l[2;50H[K[2;50H[?25h[?25l[2;49H[K[2;49H[?25h[?25l[2;48H[K[2;48H[?25h[?25l[2;47H[K[2;47H[?25h[?25l[?25h[?25l[2;45H[K[2;45H[?25h[?25l[2;44H[K[2;44H[?25h[?25l[?25h[?25l[2;42H[K[2;42H[?25h[?25l[2;41H[K[2;41H[?25h[?25l[2;40H[K[2;40H[?25h[?25l[2;39H[K[2;39H[?25h[?25l[2;38H[K[2;38H[?25h[?25l[2;37H[K[2;37H[?25h[?25l[?25h[?25l[2;35H[K[2;35H[?25h[?25l[2;34H[K[2;34H[?25h[?25l[2;33H[K[2;33H[?25h[?25l[2;32H[K[2;32H[?25h[?25l[2;31H[K[2;31H[?25h[?25l[2;30H[K[2;30H[?25h[?25l[2;29H[K[2;29H[?25h[?25l[2;28H[K[2;28H[?25h[?25l[?25h[?25l[2;26H[K[2;26H[?25h[?25l[2;25H[K[2;25H[?25h[?25l[2;24H[K[2;24H[?25h[?25l[2;23H[K[2;23H[?25h[?25l[2;22H[K[2;22H[?25h[?25l[2;21H[K[2;21H[?25h[?25l[2;20H[K[2;20H[?25h[?25l[2;19H[K[2;19H[?25h[?25l[?25h[?25l[2;17H[K[2;17H[?25h[?25l[2;16H[K[2;16H[?25h[?25l[2;15H[K[2;15H[?25h[?25l[2;14H[K[2;14H[?25h[?25l[2;13H[K[2;13H[?25h[?25l[2;12H[K[2;12H[?25h[?25l[?25h[?25l[2;10H[K[2;10H[?25h[?25l[2;9H[K[2;9H[?25h[?25l[?25h[?25l[2;7H[K[2;7H[?25h[?25l[2;6H[K[2;6H[?25h[?25l[2;5H[K[2;5H[?25h[?25l[2;4H[K[2;4H[?25h[?25l[2;3H[K[2;3H[?25h[?25l[?25h[?25l[1m[34m~                                                                                            [2;1H[?25h[?25l[m[1;93H[K[1;93H[?25h[?25l[1;92H[K[1;92H[?25h[?25l[1;91H[K[1;91H[?25h[?25l[?25h[?25l[1;89H[K[1;89H[?25h[?25l[?25h[?25l[1;87H[K[1;87H[?25h[?25l[1;86H[K[1;86H[?25h[?25l[1;85H[K[1;85H[?25h[?25l[1;84H[K[1;84H[?25h[?25l[1;83H[K[1;83H[?25h[?25l[1;82H[K[1;82H[?25h[?25l[1;81H[K[1;81H[?25h[?25l[1;80H[K[1;80H[?25h[?25l[?25h[?25l[1;78H[K[1;78H[?25h[?25l[1;77H[K[1;77H[?25h[?25l[1;76H[K[1;76H[?25h[?25l[1;75H[K[1;75H[?25h[?25l[1;74H[K[1;74H[?25h[?25l[1;73H[K[1;73H[?25h[?25l[1;72H[K[1;72H[?25h[?25l[?25h[?25l[1;70H[K[1;70H[?25h[?25l[1;69H[K[1;69H[?25h[?25l[1;68H[K[1;68H[?25h[?25l[1;67H[K[1;67H[?25h[?25l[1;66H[K[1;66H[?25h[?25l[1;65H[K[1;65H[?25h[?25l[?25h[?25l[1;63H[K[1;63H[?25h[?25l[1;62H[K[1;62H[?25h[?25l[1;61H[K[1;61H[?25h[?25l[?25h[?25l[1;59H[K[1;59H[?25h[?25l[1;58H[K[1;58H[?25h[?25l[1;57H[K[1;57H[?25h[?25l[1;56H[K[1;56H[?25h[?25l[1;55H[K[1;55H[?25h[?25l[1;54H[K[1;54H[?25h[?25l[1;53H[K[1;53H[?25h[?25l[?25h[?25l[1;51H[K[1;51H[?25h[?25l[1;50H[K[1;50H[?25h[?25l[?25h[?25l[1;48H[K[1;48H[?25h[?25l[1;47H[K[1;47H[?25h[?25l[1;46H[K[1;46H[?25h[?25l[1;45H[K[1;45H[?25h[?25l[1;44H[K[1;44H[?25h[?25l[1;43H[K[1;43H[?25h[?25l[1;42H[K[1;42H[?25h[?25l[1;41H[K[1;41H[?25h[?25l[?25h[?25l[1;39H[K[1;39H[?25h[?25l[1;38H[K[1;38H[?25h[?25l[1;37H[K[1;37H[?25h[?25l[1;36H[K[1;36H[?25h[?25l[?25h[?25l[1;34H[K[1;34H[?25h[?25l[1;33H[K[1;33H[?25h[?25l[1;32H[K[1;32H[?25h[?25l[1;30H[K[1;30H[?25h[?25l[?25h[?25l[1;28H[K[1;28H[?25h[?25l[1;27H[K[1;27H[?25h[?25l[1;26H[K[1;26H[?25h[?25l[1;25H[K[1;25H[?25h[?25l[?25h[?25l[1;23H[K[1;23H[?25h[?25l[?25h[?25l[1;21H[K[1;21H[?25h[?25l[1;20H[K[1;20H[?25h[?25l,[?25h[?25l [?25h[?25lI[?25h[?25l [?25h[?25ls[?25h[?25lu[?25h[?25le[?25h[?25ld[?25h[?25l [?25h[?25l[?25h[?25l[1;27H[K[1;27H[?25h[?25l[1;26H[K[1;26H[?25h[?25l[1;25H[K[1;25H[?25h[?25l[1;24H[K[1;24H[?25h[?25lu[?25h[?25ls[?25h[?25le[?25h[?25ld[?25h[?25l [?25h[?25lb[?25h[?25la[?25h[?25ls[?25h[?25li[?25h[?25lc[?25h[?25l [?25h[?25lU[?25h[?25lN[?25h[?25lI[?25h[?25lX[?25h[?25l [?25h[?25lc[?25h[?25lo[?25h[?25lm[?25h[?25lm[?25h[?25la[?25h[?25ln[?25h[?25ld[?25h[?25ls[?25h[?25l [?25h[?25lt[?25h[?25lo[?25h[?25l [?25h[?25lp[?25h[?25lr[?25h[?25lo[?25h[?25lc[?25h[?25le[?25h[?25ls[?25h[?25ls[?25h[?25l [?25h[?25lt[?25h[?25lh[?25h[?25le[?25h[?25l [?25h[?25la[?25h[?25lm[?25h[?25la[?25h[?25lz[?25h[?25lo[?25h[?25ln[?25h[?25l [?25h[?25lr[?25h[?25le[?25h[?25lv[?25h[?25li[?25h[?25le[?25h[?25lw[?25h[?25ls[?25h[?25l [?25h[?25ld[?25h[?25la[?25h[?25lt[?25h[?25la[?25h[?25ls[?25h[?25le[?25h[?25lt[?25h[?25l.[?25h[?25l [?25h[?25lI[?25h[?25l [?25h[?25lu[?25h[?25ls[?25h[?25le[?25h[?25ld[2;1H[?25h[?25l [2;2H[K[2;2H[?25h[?25lc[?25h[?25lu[?25h[?25lt[?25h[?25l [?25h[?25lt[?25h[?25lo[?25h[?25l [?25h[?25ls[?25h[?25le[?25h[?25ll[?25h[?25le[?25h[?25lc[?25h[?25lt[?25h[?25l [?25h[?25lc[?25h[?25lo[?25h[?25ll[?25h[?25lu[?25h[?25lm[?25h[?25ln[?25h[?25ls[?25h[?25l [?25h[?25l[?25h[?25l,[?25h[?25l [?25h[?25ls[?25h[?25lo[?25h[?25lr[?25h[?25lt[?25h[?25l [?25h[?25lt[?25h[?25lo[?25h[?25l [?25h[?25lo[?25h[?25lr[?25h[?25ld[?25h[?25le[?25h[?25lr[?25h[?25l [?25h[?25ld[?25h[?25la[?25h[?25lt[?25h[?25la[?25h[?25l [?25h[?25l[?25h[?25l,[?25h[?25l [?25h[?25la[?25h[?25ln[?25h[?25ld[?25h[?25l [?25h[?25lu[?25h[?25ln[?25h[?25li[?25h[?25lq[?25h[?25l [?25h[?25l-[?25h[?25lc[?25h[?25l [?25h[?25lt[?25h[?25lo[?25h[?25l [?25h[?25lc[?25h[?25lo[?25h[?25lu[?25h[?25ln[?25h[?25lt[?25h[?25l [?25h[?25lt[?25h[?25lh[?25h[?25le[?25h[?25l [?25h[?25lu[?25h[?25l[2;70H[K[2;70H[?25h[?25ld[?25h[?25lu[?25h[?25lp[?25h[?25ll[?25h[?25li[?25h[?25lc[?25h[?25la[?25h[?25lt[?25h[?25le[?25h[?25ls[?25h[?25l,[?25h[?25l [?25h[?25la[?25h[?25ll[?25h[?25lo[?25h[?25ln[?25h[?25lg[?25h[?25l [?25h[?25lw[?25h[?25li[?25h[?25lt[?25h[?25lh[?25h[?25l [?25h[?25lw[3;1H[?25h[?25lc[3;2H[K[3;2H[?25h[?25l [?25h[?25l-[?25h[?25ll[?25h[?25l [?25h[?25lt[?25h[?25lop[?25h[?25l [?25h[?25l[?25h[?25l[3;8H[K[3;8H[?25h[?25l [?25h[?25lc[?25h[?25lo[?25h[?25lu[?25h[?25ln[?25h[?25lt[?25h[?25l [?25h[?25ll[?25h[?25li[?25h[?25ln[?25h[?25le[?25h[?25ls[?25h[?25l.[?25h[?25l [?25h[?25lF[?25h[?25lr[?25h[?25lo[?25h[?25lm[?25h[?25l [?25h[?25lt[?25h[?25lh[?25h[?25le[?25h[?25l [?25h[?25ls[?25h[?25lt[?25h[?25la[?25h[?25lr[?25h[?25ls[?25h[?25l [?25h[?25l[?25h[?25l[3;35H[K[3;35H[?25h[?25l [?25h[?25l[?25h[?25l-[?25h[?25lr[?25h[?25la[?25h[?25lt[?25h[?25li[?25h[?25ln[?25h[?25lg[?25h[?25l [?25h[?25lh[?25h[?25li[?25h[?25ls[?25h[?25lt[?25h[?25lo[?25h[?25lh[?25h[?25lr[?25h[?25la[?25h[?25lm[?25h[?25l[3;51H[K[3;51H[?25h[?25l[3;50H[K[3;50H[?25h[?25l[3;49H[K[3;49H[?25h[?25l[3;48H[K[3;48H[?25h[?25lg[?25h[?25lr[?25h[?25la[?25h[?25lm[?25h[?25l,[?25h[?25l [?25h[?25lm[?25h[?25lo[?25h[?25ls[?25h[?25lt[?25h[?25l [?25h[?25lr[?25h[?25le[?25h[?25lv[?25h[?25li[?25h[?25le[?25h[?25lw[?25h[?25ls[?25h[?25l [?25h[?25lw[?25h[?25le[?25h[?25lr[?25h[?25le[?25h[?25l [?25h[?25l5[?25h[?25l [?25h[?25ls[?25h[?25lt[?25h[?25la[?25h[?25lr[?25h[?25ls[?25h[?25l [?25h[?25l[?25h[?25l,[?25h[?25l [?25h[?25lf[?25h[?25lo[?25h[?25ll[?25h[?25ll[?25h[?25lw[?25h[?25le[?25h[?25l[3;86H[K[3;86H[?25h[?25l[3;85H[K[3;85H[?25h[?25lo[?25h[?25lw[?25h[?25le[?25h[?25ld[?25h[?25l [?25h[?25lb[?25h[?25ly[?25h[?25l [?25h[?25l4[4;1H[?25h[?25l [4;2H[K[4;2H[?25h[?25ls[?25h[?25lt[?25h[?25la[?25h[?25lr[?25h[?25ls[?25h[?25l [?25h[?25l[?25h[?25l.[?25h[?25l [?25h[?25lt[?25h[?25lh[?25h[?25le[?25h[?25l [?25h[?25l[?25h[?25l[4;11H[K[4;11H[?25h[?25l[4;10H[K[4;10H[?25h[?25l[4;9H[K[4;9H[?25h[?25lT[?25h[?25lh[?25h[?25le[?25h[?25l [?25h[?25lt[?25h[?25lo[?25h[?25lp[?25h[?25l [?25h[?25lc[?25h[?25lu[?25h[?25ls[?25h[?25lt[?25h[?25li[?25h[?25lm[?25h[?25le[?25h[?25lr[?25h[?25ls[?25h[?25l [?25h[?25l[?25h[?25l[4;25H[K[4;25H[?25h[?25l[4;24H[K[4;24H[?25h[?25l[4;23H[K[4;23H[?25h[?25l[4;22H[K[4;22H[?25h[?25l[4;21H[K[4;21H[?25h[?25lo[?25h[?25lm[?25h[?25ls[?25h[?25l[4;23H[K[4;23H[?25h[?25le[?25h[?25lt[?25h[?25ls[?25h[?25l [?25h[?25l[?25h[?25l[4;25H[K[4;25H[?25h[?25l[4;24H[K[4;24H[?25h[?25lr[?25h[?25ls[?25h[?25l [?25h[?25la[?25h[?25ln[?25h[?25ld[?25h[?25l [?25h[?25lp[?25h[?25lr[?25h[?25lo[?25h[?25ld[?25h[?25lu[?25h[?25lc[?25h[?25ls[?25h[?25l[4;37H[K[4;37H[?25h[?25lt[?25h[?25ls[?25h[?25l [?25h[?25lw[?25h[?25lh[?25h[?25le[?25h[?25lr[?25h[?25le[?25h[?25l [?25h[?25lm[?25h[?25lo[?25h[?25ls[?25h[?25lt[?25h[?25ll[?25h[?25ly[?25h[?25l [?25h[?25lr[?25h[?25le[?25h[?25lp[?25h[?25le[?25h[?25la[?25h[?25lt[?25h[?25l [?25h[?25lb[?25h[?25lu[?25h[?25ly[?25h[?25le[?25h[?25lr[?25h[?25ls[?25h[?25l [?25h[?25la[?25h[?25ln[?25h[?25ld[?25h[?25l [?25h[?25lp[?25h[?25lo[?25h[?25lp[?25h[?25lu[?25h[?25ll[?25h[?25la[?25h[?25lr[?25h[?25l [?25h[?25li[?25h[?25lt[?25h[?25le[?25h[?25lm[?25h[?25ls[?25h[?25l [?25h[?25li[?25h[?25ln[?25h[?25l [?25h[?25le[?25h[?25ll[?25h[?25le[?25h[?25lc[?25h[?25lt[?25h[?25lr[5;1H[?25h[?25lo[5;2H[K[5;2H[?25h[?25ln[?25h[?25li[?25h[?25lc[?25h[?25l [?25h[?25la[?25h[?25ln[?25h[?25ld[?25h[?25l [?25h[?25lt[?25h[?25lo[?25h[?25ly[?25h[?25ls[?25h[?25l [?25h[?25l[?25h[?25l,[?25h[?25l [?25h[?25lw[?25h[?25lh[?25h[?25li[?25h[?25ll[?25h[?25le[?25h[?25l [?25h[?25lc[?25h[?25la[?25h[?25lt[?25h[?25le[?25h[?25lg[?25h[?25lp[?25h[?25lr[?25h[?25l[5;28H[K[5;28H[?25h[?25l[5;27H[K[5;27H[?25h[?25l[5;26H[K[5;26H[?25h[?25lg[?25h[?25lo[?25h[?25lr[?25h[?25li[?25h[?25le[?25h[?25ls[?25h[?25l [?25h[?25ll[?25h[?25li[?25h[?25lk[?25h[?25le[?25h[?25l [?25h[?25lb[?25h[?25lo[?25h[?25lo[?25h[?25lk[?25h[?25ls[?25h[?25l [?25h[?25la[?25h[?25ln[?25h[?25ld[?25h[?25l [?25h[?25lh[?25h[?25lo[?25h[?25lm[?25h[?25li[?25h[?25le[?25h[?25l [?25h[?25la[?25h[?25lp[?25h[?25lp[?25h[?25le[?25h[?25la[?25h[?25lr[?25h[?25le[?25h[?25ld[?25h[?25l [?25h[?25lm[?25h[?25lo[?25h[?25ls[?25h[?25lt[?25h[?25l [?25h[?25lf[?25h[?25lr[?25h[?25le[?25h[?25lq[?25h[?25lu[?25h[?25le[?25h[?25ln[?25h[?25lt[?25h[?25ll[?25h[?25ly[?25h[?25l.[?25h[?25l [?25h[?25lO[?25h[?25lv[?25h[?25le[?25h[?25lr[?25h[?25la[?25h[?25ll[?25h[?25ll[?25h[?25l,[?25h[?25l [?25h[?25lt[?25h[?25lh[?25h[?25li[?25h[?25ls[?25h[?25l
[?25h[?25la[6;2H[K[6;2H[?25h[?25ls[?25h[?25ls[?25h[?25li[?25h[?25lg[?25h[?25ln[?25h[?25le[?25h[?25lm[?25h[?25ln[?25h[?25lt[?25h[?25l[6;10H[K[6;10H[?25h[?25l[6;9H[K[6;9H[?25h[?25l[6;8H[K[6;8H[?25h[?25l[6;7H[K[6;7H[?25h[?25lm[?25h[?25le[?25h[?25ln[?25h[?25lt[?25h[?25l [?25h[?25lh[?25h[?25le[?25h[?25ll[?25h[?25lp[?25h[?25le[?25h[?25ld[?25h[?25l [?25h[?25lm[?25h[?25le[?25h[?25l [?25h[?25lp[?25h[?25lr[?25h[?25la[?25h[?25lc[?25h[?25lt[?25h[?25li[?25h[?25lc[?25h[?25le[?25h[?25l [?25h[?25lb[?25h[?25la[?25h[?25ls[?25h[?25li[?25h[?25lc[?25h[?25l [?25h[?25ld[?25h[?25la[?25h[?25lt[?25h[?25la[?25h[?25l [?25h[?25lw[?25h[?25le[?25h[?25l[6;43H[K[6;43H[?25h[?25lr[?25h[?25la[?25h[?25ln[?25h[?25lg[?25h[?25ll[?25h[?25li[?25h[?25ln[?25h[?25lg[?25h[?25l [?25h[?25lc[?25h[?25lo[?25h[?25lm[?25h[?25lm[?25h[?25la[?25h[?25ln[?25h[?25ld[?25h[?25ls[?25h[?25l [?25h[?25li[?25h[?25ln[?25h[?25l [?25h[?25lU[?25h[?25lN[?25h[?25lI[?25h[?25lX[?25h[?25l.[?25h[50;1H[K[6;68H[?25l[?25h[?25l[50;1H:[?2004h[?25hwq[?25l[?2004l"README.md" [New] 1L, 534C written
[?2004l[?1l>[?25h[?1049l[23;0;0tbash-4.4$ history > hw03_session.txt [K[K[K[K[K[K[K[K[K[K[K[Khistory.txt
bash-4.4$ git clone git@github.com:sjsu-cs131-f25/ashton_moraes_HW_repo.git
Cloning into 'ashton_moraes_HW_repo'...
The authenticity of host 'github.com (140.82.112.3)' can't be established.
ECDSA key fingerprint is SHA256:p2QAMXNIC1TJYWeIOttrVc98/R1BUFWu3/LiyKgUfQM.
Are you sure you want to continue connecting (yes/no/[fingerprint])? yes
Warning: Permanently added 'github.com,140.82.112.3' (ECDSA) to the list of known hosts.
git@github.com: Permission denied (publickey).
fatal: Could not read from remote repository.

Please make sure you have the correct access rights
and the repository exists.
bash-4.4$ cd ashton_moraes_HW_repo
bash: cd: ashton_moraes_HW_repo: No such file or directory
bash-4.4$ history > my_session.log
bash-4.4$ exit
exit

Script done on 2025-09-08 16:30:58-04:00
